// Jest Snapshot v1, https://goo.gl/fbAQLP

exports[`bin logs verbose output 1`] = `
"test/fixtures/airplane.svg -> test/output/airplane.js
test/fixtures/apple.svg -> test/output/apple.js
test/fixtures/big.svg -> test/output/big.js
Transformed 3 files from SVGs to React component modules
"
`;
